 	SQL> select region_name from region;
select region_name from region
                        *
ERROR at line 1:
ORA-00942: table or view does not exist 


SQL> select * from tab;

TNAME                          TABTYPE  CLUSTERID                               
------------------------------ ------- ----------                               
COUNTRIES                      TABLE                                            
DEPARTMENTS                    TABLE                                            
EMPLOYEES                      TABLE                                            
EMP_DETAILS_VIEW               VIEW                                             
JOBS                           TABLE                                            
JOB_HISTORY                    TABLE                                            
LOCATIONS                      TABLE                                            
REGIONS                        TABLE                                            

8 rows selected.

SQL> select region_name from regions;

REGION_NAME                                                                     
-------------------------                                                       
Europe                                                                          
Americas                                                                        
Asia                                                                            
Middle East and Africa                                                          

SQL> select *  from employees;

EMPLOYEE_ID FIRST_NAME           LAST_NAME                                      
----------- -------------------- -------------------------                      
EMAIL                     PHONE_NUMBER         HIRE_DATE JOB_ID         SALARY  
------------------------- -------------------- --------- ---------- ----------  
COMMISSION_PCT MANAGER_ID DEPARTMENT_ID                                         
-------------- ---------- -------------                                         
        198 Donald               OConnell                                       
DOCONNEL                  650.507.9833         21-JUN-07 SH_CLERK         2600  
                      124            50                                         
                                                                                
        199 Douglas              Grant                                          
DGRANT                    650.507.9844         13-JAN-08 SH_CLERK         2600  
                      124            50                                         

EMPLOYEE_ID FIRST_NAME           LAST_NAME                                      
----------- -------------------- -------------------------                      
EMAIL                     PHONE_NUMBER         HIRE_DATE JOB_ID         SALARY  
------------------------- -------------------- --------- ---------- ----------  
COMMISSION_PCT MANAGER_ID DEPARTMENT_ID                                         
-------------- ---------- -------------                                         
                                                                                
        200 Jennifer             Whalen                                         
JWHALEN                   515.123.4444         17-SEP-03 AD_ASST          4400  
                      101            10                                         
                                                                                
        201 Michael              Hartstein                                      
MHARTSTE                  515.123.5555         17-FEB-04 MK_MAN          13000  

EMPLOYEE_ID FIRST_NAME           LAST_NAME                                      
----------- -------------------- -------------------------                      
EMAIL                     PHONE_NUMBER         HIRE_DATE JOB_ID         SALARY  
------------------------- -------------------- --------- ---------- ----------  
COMMISSION_PCT MANAGER_ID DEPARTMENT_ID                                         
-------------- ---------- -------------                                         
                      100            20                                         
                                                                                
        202 Pat                  Fay                                            
PFAY                      603.123.6666         17-AUG-05 MK_REP           6000  
                      201            20                                         
                                                                                
        203 Susan                Mavris                                         

EMPLOYEE_ID FIRST_NAME           LAST_NAME                                      
----------- -------------------- -------------------------                      
EMAIL                     PHONE_NUMBER         HIRE_DATE JOB_ID         SALARY  
------------------------- -------------------- --------- ---------- ----------  
COMMISSION_PCT MANAGER_ID DEPARTMENT_ID                                         
-------------- ---------- -------------                                         
SMAVRIS                   515.123.7777         07-JUN-02 HR_REP           6500  
                      101            40                                         
                                                                                
        204 Hermann              Baer                                           
HBAER                     515.123.8888         07-JUN-02 PR_REP          10000  
                      101            70                                         
                                                                                

EMPLOYEE_ID FIRST_NAME           LAST_NAME                                      
----------- -------------------- -------------------------                      
EMAIL                     PHONE_NUMBER         HIRE_DATE JOB_ID         SALARY  
------------------------- -------------------- --------- ---------- ----------  
COMMISSION_PCT MANAGER_ID DEPARTMENT_ID                                         
-------------- ---------- -------------                                         
        205 Shelley              Higgins                                        
SHIGGINS                  515.123.8080         07-JUN-02 AC_MGR          12008  
                      101           110                                         
                                                                                
        206 William              Gietz                                          
WGIETZ                    515.123.8181         07-JUN-02 AC_ACCOUNT       8300  
                      205           110                                         

EMPLOYEE_ID FIRST_NAME           LAST_NAME                                      
----------- -------------------- -------------------------                      
EMAIL                     PHONE_NUMBER         HIRE_DATE JOB_ID         SALARY  
------------------------- -------------------- --------- ---------- ----------  
COMMISSION_PCT MANAGER_ID DEPARTMENT_ID                                         
-------------- ---------- -------------                                         
                                                                                
        100 Steven               King                                           
SKING                     515.123.4567         17-JUN-03 AD_PRES         24000  
                                     90                                         
                                                                                
        101 Neena                Kochhar                                        
NKOCHHAR                  515.123.4568         21-SEP-05 AD_VP           17000  

EMPLOYEE_ID FIRST_NAME           LAST_NAME                                      
----------- -------------------- -------------------------                      
EMAIL                     PHONE_NUMBER         HIRE_DATE JOB_ID         SALARY  
------------------------- -------------------- --------- ---------- ----------  
COMMISSION_PCT MANAGER_ID DEPARTMENT_ID                                         
-------------- ---------- -------------                                         
                      100            90                                         
                                                                                
        102 Lex                  De Haan                                        
LDEHAAN                   515.123.4569         13-JAN-01 AD_VP           17000  
                      100            90                                         
                                                                                
        103 Alexander            Hunold                                         

EMPLOYEE_ID FIRST_NAME           LAST_NAME                                      
----------- -------------------- -------------------------                      
EMAIL                     PHONE_NUMBER         HIRE_DATE JOB_ID         SALARY  
------------------------- -------------------- --------- ---------- ----------  
COMMISSION_PCT MANAGER_ID DEPARTMENT_ID                                         
-------------- ---------- -------------                                         
AHUNOLD                   590.423.4567         03-JAN-06 IT_PROG          9000  
                      102            60                                         
                                                                                
        104 Bruce                Ernst                                          
BERNST                    590.423.4568         21-MAY-07 IT_PROG          6000  
                      103            60                                         
                                                                                

EMPLOYEE_ID FIRST_NAME           LAST_NAME                                      
----------- -------------------- -------------------------                      
EMAIL                     PHONE_NUMBER         HIRE_DATE JOB_ID         SALARY  
------------------------- -------------------- --------- ---------- ----------  
COMMISSION_PCT MANAGER_ID DEPARTMENT_ID                                         
-------------- ---------- -------------                                         
        105 David                Austin                                         
DAUSTIN                   590.423.4569         25-JUN-05 IT_PROG          4800  
                      103            60                                         
                                                                                
        106 Valli                Pataballa                                      
VPATABAL                  590.423.4560         05-FEB-06 IT_PROG          4800  
                      103            60                                         

EMPLOYEE_ID FIRST_NAME           LAST_NAME                                      
----------- -------------------- -------------------------                      
EMAIL                     PHONE_NUMBER         HIRE_DATE JOB_ID         SALARY  
------------------------- -------------------- --------- ---------- ----------  
COMMISSION_PCT MANAGER_ID DEPARTMENT_ID                                         
-------------- ---------- -------------                                         
                                                                                
        107 Diana                Lorentz                                        
DLORENTZ                  590.423.5567         07-FEB-07 IT_PROG          4200  
                      103            60                                         
                                                                                
        108 Nancy                Greenberg                                      
NGREENBE                  515.124.4569         17-AUG-02 FI_MGR          12008  

EMPLOYEE_ID FIRST_NAME           LAST_NAME                                      
----------- -------------------- -------------------------                      
EMAIL                     PHONE_NUMBER         HIRE_DATE JOB_ID         SALARY  
------------------------- -------------------- --------- ---------- ----------  
COMMISSION_PCT MANAGER_ID DEPARTMENT_ID                                         
-------------- ---------- -------------                                         
                      101           100                                         
                                                                                
        109 Daniel               Faviet                                         
DFAVIET                   515.124.4169         16-AUG-02 FI_ACCOUNT       9000  
                      108           100                                         
                                                                                
        110 John                 Chen                                           

EMPLOYEE_ID FIRST_NAME           LAST_NAME                                      
----------- -------------------- -------------------------                      
EMAIL                     PHONE_NUMBER         HIRE_DATE JOB_ID         SALARY  
------------------------- -------------------- --------- ---------- ----------  
COMMISSION_PCT MANAGER_ID DEPARTMENT_ID                                         
-------------- ---------- -------------                                         
JCHEN                     515.124.4269         28-SEP-05 FI_ACCOUNT       8200  
                      108           100                                         
                                                                                
        111 Ismael               Sciarra                                        
ISCIARRA                  515.124.4369         30-SEP-05 FI_ACCOUNT       7700  
                      108           100                                         
                                                                                

EMPLOYEE_ID FIRST_NAME           LAST_NAME                                      
----------- -------------------- -------------------------                      
EMAIL                     PHONE_NUMBER         HIRE_DATE JOB_ID         SALARY  
------------------------- -------------------- --------- ---------- ----------  
COMMISSION_PCT MANAGER_ID DEPARTMENT_ID                                         
-------------- ---------- -------------                                         
        112 Jose Manuel          Urman                                          
JMURMAN                   515.124.4469         07-MAR-06 FI_ACCOUNT       7800  
                      108           100                                         
                                                                                
        113 Luis                 Popp                                           
LPOPP                     515.124.4567         07-DEC-07 FI_ACCOUNT       6900  
                      108           100                                         

EMPLOYEE_ID FIRST_NAME           LAST_NAME                                      
----------- -------------------- -------------------------                      
EMAIL                     PHONE_NUMBER         HIRE_DATE JOB_ID         SALARY  
------------------------- -------------------- --------- ---------- ----------  
COMMISSION_PCT MANAGER_ID DEPARTMENT_ID                                         
-------------- ---------- -------------                                         
                                                                                
        114 Den                  Raphaely                                       
DRAPHEAL                  515.127.4561         07-DEC-02 PU_MAN          11000  
                      100            30                                         
                                                                                
        115 Alexander            Khoo                                           
AKHOO                     515.127.4562         18-MAY-03 PU_CLERK         3100  

EMPLOYEE_ID FIRST_NAME           LAST_NAME                                      
----------- -------------------- -------------------------                      
EMAIL                     PHONE_NUMBER         HIRE_DATE JOB_ID         SALARY  
------------------------- -------------------- --------- ---------- ----------  
COMMISSION_PCT MANAGER_ID DEPARTMENT_ID                                         
-------------- ---------- -------------                                         
                      114            30                                         
                                                                                
        116 Shelli               Baida                                          
SBAIDA                    515.127.4563         24-DEC-05 PU_CLERK         2900  
                      114            30                                         
                                                                                
        117 Sigal                Tobias                                         

EMPLOYEE_ID FIRST_NAME           LAST_NAME                                      
----------- -------------------- -------------------------                      
EMAIL                     PHONE_NUMBER         HIRE_DATE JOB_ID         SALARY  
------------------------- -------------------- --------- ---------- ----------  
COMMISSION_PCT MANAGER_ID DEPARTMENT_ID                                         
-------------- ---------- -------------                                         
STOBIAS                   515.127.4564         24-JUL-05 PU_CLERK         2800  
                      114            30                                         
                                                                                
        118 Guy                  Himuro                                         
GHIMURO                   515.127.4565         15-NOV-06 PU_CLERK         2600  
                      114            30                                         
                                                                                

EMPLOYEE_ID FIRST_NAME           LAST_NAME                                      
----------- -------------------- -------------------------                      
EMAIL                     PHONE_NUMBER         HIRE_DATE JOB_ID         SALARY  
------------------------- -------------------- --------- ---------- ----------  
COMMISSION_PCT MANAGER_ID DEPARTMENT_ID                                         
-------------- ---------- -------------                                         
        119 Karen                Colmenares                                     
KCOLMENA                  515.127.4566         10-AUG-07 PU_CLERK         2500  
                      114            30                                         
                                                                                
        120 Matthew              Weiss                                          
MWEISS                    650.123.1234         18-JUL-04 ST_MAN           8000  
                      100            50                                         

EMPLOYEE_ID FIRST_NAME           LAST_NAME                                      
----------- -------------------- -------------------------                      
EMAIL                     PHONE_NUMBER         HIRE_DATE JOB_ID         SALARY  
------------------------- -------------------- --------- ---------- ----------  
COMMISSION_PCT MANAGER_ID DEPARTMENT_ID                                         
-------------- ---------- -------------                                         
                                                                                
        121 Adam                 Fripp                                          
AFRIPP                    650.123.2234         10-APR-05 ST_MAN           8200  
                      100            50                                         
                                                                                
        122 Payam                Kaufling                                       
PKAUFLIN                  650.123.3234         01-MAY-03 ST_MAN           7900  

EMPLOYEE_ID FIRST_NAME           LAST_NAME                                      
----------- -------------------- -------------------------                      
EMAIL                     PHONE_NUMBER         HIRE_DATE JOB_ID         SALARY  
------------------------- -------------------- --------- ---------- ----------  
COMMISSION_PCT MANAGER_ID DEPARTMENT_ID                                         
-------------- ---------- -------------                                         
                      100            50                                         
                                                                                
        123 Shanta               Vollman                                        
SVOLLMAN                  650.123.4234         10-OCT-05 ST_MAN           6500  
                      100            50                                         
                                                                                
        124 Kevin                Mourgos                                        

EMPLOYEE_ID FIRST_NAME           LAST_NAME                                      
----------- -------------------- -------------------------                      
EMAIL                     PHONE_NUMBER         HIRE_DATE JOB_ID         SALARY  
------------------------- -------------------- --------- ---------- ----------  
COMMISSION_PCT MANAGER_ID DEPARTMENT_ID                                         
-------------- ---------- -------------                                         
KMOURGOS                  650.123.5234         16-NOV-07 ST_MAN           5800  
                      100            50                                         
                                                                                
        125 Julia                Nayer                                          
JNAYER                    650.124.1214         16-JUL-05 ST_CLERK         3200  
                      120            50                                         
                                                                                

EMPLOYEE_ID FIRST_NAME           LAST_NAME                                      
----------- -------------------- -------------------------                      
EMAIL                     PHONE_NUMBER         HIRE_DATE JOB_ID         SALARY  
------------------------- -------------------- --------- ---------- ----------  
COMMISSION_PCT MANAGER_ID DEPARTMENT_ID                                         
-------------- ---------- -------------                                         
        126 Irene                Mikkilineni                                    
IMIKKILI                  650.124.1224         28-SEP-06 ST_CLERK         2700  
                      120            50                                         
                                                                                
        127 James                Landry                                         
JLANDRY                   650.124.1334         14-JAN-07 ST_CLERK         2400  
                      120            50                                         

EMPLOYEE_ID FIRST_NAME           LAST_NAME                                      
----------- -------------------- -------------------------                      
EMAIL                     PHONE_NUMBER         HIRE_DATE JOB_ID         SALARY  
------------------------- -------------------- --------- ---------- ----------  
COMMISSION_PCT MANAGER_ID DEPARTMENT_ID                                         
-------------- ---------- -------------                                         
                                                                                
        128 Steven               Markle                                         
SMARKLE                   650.124.1434         08-MAR-08 ST_CLERK         2200  
                      120            50                                         
                                                                                
        129 Laura                Bissot                                         
LBISSOT                   650.124.5234         20-AUG-05 ST_CLERK         3300  

EMPLOYEE_ID FIRST_NAME           LAST_NAME                                      
----------- -------------------- -------------------------                      
EMAIL                     PHONE_NUMBER         HIRE_DATE JOB_ID         SALARY  
------------------------- -------------------- --------- ---------- ----------  
COMMISSION_PCT MANAGER_ID DEPARTMENT_ID                                         
-------------- ---------- -------------                                         
                      121            50                                         
                                                                                
        130 Mozhe                Atkinson                                       
MATKINSO                  650.124.6234         30-OCT-05 ST_CLERK         2800  
                      121            50                                         
                                                                                
        131 James                Marlow                                         

EMPLOYEE_ID FIRST_NAME           LAST_NAME                                      
----------- -------------------- -------------------------                      
EMAIL                     PHONE_NUMBER         HIRE_DATE JOB_ID         SALARY  
------------------------- -------------------- --------- ---------- ----------  
COMMISSION_PCT MANAGER_ID DEPARTMENT_ID                                         
-------------- ---------- -------------                                         
JAMRLOW                   650.124.7234         16-FEB-05 ST_CLERK         2500  
                      121            50                                         
                                                                                
        132 TJ                   Olson                                          
TJOLSON                   650.124.8234         10-APR-07 ST_CLERK         2100  
                      121            50                                         
                                                                                

EMPLOYEE_ID FIRST_NAME           LAST_NAME                                      
----------- -------------------- -------------------------                      
EMAIL                     PHONE_NUMBER         HIRE_DATE JOB_ID         SALARY  
------------------------- -------------------- --------- ---------- ----------  
COMMISSION_PCT MANAGER_ID DEPARTMENT_ID                                         
-------------- ---------- -------------                                         
        133 Jason                Mallin                                         
JMALLIN                   650.127.1934         14-JUN-04 ST_CLERK         3300  
                      122            50                                         
                                                                                
        134 Michael              Rogers                                         
MROGERS                   650.127.1834         26-AUG-06 ST_CLERK         2900  
                      122            50                                         

EMPLOYEE_ID FIRST_NAME           LAST_NAME                                      
----------- -------------------- -------------------------                      
EMAIL                     PHONE_NUMBER         HIRE_DATE JOB_ID         SALARY  
------------------------- -------------------- --------- ---------- ----------  
COMMISSION_PCT MANAGER_ID DEPARTMENT_ID                                         
-------------- ---------- -------------                                         
                                                                                
        135 Ki                   Gee                                            
KGEE                      650.127.1734         12-DEC-07 ST_CLERK         2400  
                      122            50                                         
                                                                                
        136 Hazel                Philtanker                                     
HPHILTAN                  650.127.1634         06-FEB-08 ST_CLERK         2200  

EMPLOYEE_ID FIRST_NAME           LAST_NAME                                      
----------- -------------------- -------------------------                      
EMAIL                     PHONE_NUMBER         HIRE_DATE JOB_ID         SALARY  
------------------------- -------------------- --------- ---------- ----------  
COMMISSION_PCT MANAGER_ID DEPARTMENT_ID                                         
-------------- ---------- -------------                                         
                      122            50                                         
                                                                                
        137 Renske               Ladwig                                         
RLADWIG                   650.121.1234         14-JUL-03 ST_CLERK         3600  
                      123            50                                         
                                                                                
        138 Stephen              Stiles                                         

EMPLOYEE_ID FIRST_NAME           LAST_NAME                                      
----------- -------------------- -------------------------                      
EMAIL                     PHONE_NUMBER         HIRE_DATE JOB_ID         SALARY  
------------------------- -------------------- --------- ---------- ----------  
COMMISSION_PCT MANAGER_ID DEPARTMENT_ID                                         
-------------- ---------- -------------                                         
SSTILES                   650.121.2034         26-OCT-05 ST_CLERK         3200  
                      123            50                                         
                                                                                
        139 John                 Seo                                            
JSEO                      650.121.2019         12-FEB-06 ST_CLERK         2700  
                      123            50                                         
                                                                                

EMPLOYEE_ID FIRST_NAME           LAST_NAME                                      
----------- -------------------- -------------------------                      
EMAIL                     PHONE_NUMBER         HIRE_DATE JOB_ID         SALARY  
------------------------- -------------------- --------- ---------- ----------  
COMMISSION_PCT MANAGER_ID DEPARTMENT_ID                                         
-------------- ---------- -------------                                         
        140 Joshua               Patel                                          
JPATEL                    650.121.1834         06-APR-06 ST_CLERK         2500  
                      123            50                                         
                                                                                
        141 Trenna               Rajs                                           
TRAJS                     650.121.8009         17-OCT-03 ST_CLERK         3500  
                      124            50                                         

EMPLOYEE_ID FIRST_NAME           LAST_NAME                                      
----------- -------------------- -------------------------                      
EMAIL                     PHONE_NUMBER         HIRE_DATE JOB_ID         SALARY  
------------------------- -------------------- --------- ---------- ----------  
COMMISSION_PCT MANAGER_ID DEPARTMENT_ID                                         
-------------- ---------- -------------                                         
                                                                                
        142 Curtis               Davies                                         
CDAVIES                   650.121.2994         29-JAN-05 ST_CLERK         3100  
                      124            50                                         
                                                                                
        143 Randall              Matos                                          
RMATOS                    650.121.2874         15-MAR-06 ST_CLERK         2600  

EMPLOYEE_ID FIRST_NAME           LAST_NAME                                      
----------- -------------------- -------------------------                      
EMAIL                     PHONE_NUMBER         HIRE_DATE JOB_ID         SALARY  
------------------------- -------------------- --------- ---------- ----------  
COMMISSION_PCT MANAGER_ID DEPARTMENT_ID                                         
-------------- ---------- -------------                                         
                      124            50                                         
                                                                                
        144 Peter                Vargas                                         
PVARGAS                   650.121.2004         09-JUL-06 ST_CLERK         2500  
                      124            50                                         
                                                                                
        145 John                 Russell                                        

EMPLOYEE_ID FIRST_NAME           LAST_NAME                                      
----------- -------------------- -------------------------                      
EMAIL                     PHONE_NUMBER         HIRE_DATE JOB_ID         SALARY  
------------------------- -------------------- --------- ---------- ----------  
COMMISSION_PCT MANAGER_ID DEPARTMENT_ID                                         
-------------- ---------- -------------                                         
JRUSSEL                   011.44.1344.429268   01-OCT-04 SA_MAN          14000  
            .4        100            80                                         
                                                                                
        146 Karen                Partners                                       
KPARTNER                  011.44.1344.467268   05-JAN-05 SA_MAN          13500  
            .3        100            80                                         
                                                                                

EMPLOYEE_ID FIRST_NAME           LAST_NAME                                      
----------- -------------------- -------------------------                      
EMAIL                     PHONE_NUMBER         HIRE_DATE JOB_ID         SALARY  
------------------------- -------------------- --------- ---------- ----------  
COMMISSION_PCT MANAGER_ID DEPARTMENT_ID                                         
-------------- ---------- -------------                                         
        147 Alberto              Errazuriz                                      
AERRAZUR                  011.44.1344.429278   10-MAR-05 SA_MAN          12000  
            .3        100            80                                         
                                                                                
        148 Gerald               Cambrault                                      
GCAMBRAU                  011.44.1344.619268   15-OCT-07 SA_MAN          11000  
            .3        100            80                                         

EMPLOYEE_ID FIRST_NAME           LAST_NAME                                      
----------- -------------------- -------------------------                      
EMAIL                     PHONE_NUMBER         HIRE_DATE JOB_ID         SALARY  
------------------------- -------------------- --------- ---------- ----------  
COMMISSION_PCT MANAGER_ID DEPARTMENT_ID                                         
-------------- ---------- -------------                                         
                                                                                
        149 Eleni                Zlotkey                                        
EZLOTKEY                  011.44.1344.429018   29-JAN-08 SA_MAN          10500  
            .2        100            80                                         
                                                                                
        150 Peter                Tucker                                         
PTUCKER                   011.44.1344.129268   30-JAN-05 SA_REP          10000  

EMPLOYEE_ID FIRST_NAME           LAST_NAME                                      
----------- -------------------- -------------------------                      
EMAIL                     PHONE_NUMBER         HIRE_DATE JOB_ID         SALARY  
------------------------- -------------------- --------- ---------- ----------  
COMMISSION_PCT MANAGER_ID DEPARTMENT_ID                                         
-------------- ---------- -------------                                         
            .3        145            80                                         
                                                                                
        151 David                Bernstein                                      
DBERNSTE                  011.44.1344.345268   24-MAR-05 SA_REP           9500  
           .25        145            80                                         
                                                                                
        152 Peter                Hall                                           

EMPLOYEE_ID FIRST_NAME           LAST_NAME                                      
----------- -------------------- -------------------------                      
EMAIL                     PHONE_NUMBER         HIRE_DATE JOB_ID         SALARY  
------------------------- -------------------- --------- ---------- ----------  
COMMISSION_PCT MANAGER_ID DEPARTMENT_ID                                         
-------------- ---------- -------------                                         
PHALL                     011.44.1344.478968   20-AUG-05 SA_REP           9000  
           .25        145            80                                         
                                                                                
        153 Christopher          Olsen                                          
COLSEN                    011.44.1344.498718   30-MAR-06 SA_REP           8000  
            .2        145            80                                         
                                                                                

EMPLOYEE_ID FIRST_NAME           LAST_NAME                                      
----------- -------------------- -------------------------                      
EMAIL                     PHONE_NUMBER         HIRE_DATE JOB_ID         SALARY  
------------------------- -------------------- --------- ---------- ----------  
COMMISSION_PCT MANAGER_ID DEPARTMENT_ID                                         
-------------- ---------- -------------                                         
        154 Nanette              Cambrault                                      
NCAMBRAU                  011.44.1344.987668   09-DEC-06 SA_REP           7500  
            .2        145            80                                         
                                                                                
        155 Oliver               Tuvault                                        
OTUVAULT                  011.44.1344.486508   23-NOV-07 SA_REP           7000  
           .15        145            80                                         

EMPLOYEE_ID FIRST_NAME           LAST_NAME                                      
----------- -------------------- -------------------------                      
EMAIL                     PHONE_NUMBER         HIRE_DATE JOB_ID         SALARY  
------------------------- -------------------- --------- ---------- ----------  
COMMISSION_PCT MANAGER_ID DEPARTMENT_ID                                         
-------------- ---------- -------------                                         
                                                                                
        156 Janette              King                                           
JKING                     011.44.1345.429268   30-JAN-04 SA_REP          10000  
           .35        146            80                                         
                                                                                
        157 Patrick              Sully                                          
PSULLY                    011.44.1345.929268   04-MAR-04 SA_REP           9500  

EMPLOYEE_ID FIRST_NAME           LAST_NAME                                      
----------- -------------------- -------------------------                      
EMAIL                     PHONE_NUMBER         HIRE_DATE JOB_ID         SALARY  
------------------------- -------------------- --------- ---------- ----------  
COMMISSION_PCT MANAGER_ID DEPARTMENT_ID                                         
-------------- ---------- -------------                                         
           .35        146            80                                         
                                                                                
        158 Allan                McEwen                                         
AMCEWEN                   011.44.1345.829268   01-AUG-04 SA_REP           9000  
           .35        146            80                                         
                                                                                
        159 Lindsey              Smith                                          

EMPLOYEE_ID FIRST_NAME           LAST_NAME                                      
----------- -------------------- -------------------------                      
EMAIL                     PHONE_NUMBER         HIRE_DATE JOB_ID         SALARY  
------------------------- -------------------- --------- ---------- ----------  
COMMISSION_PCT MANAGER_ID DEPARTMENT_ID                                         
-------------- ---------- -------------                                         
LSMITH                    011.44.1345.729268   10-MAR-05 SA_REP           8000  
            .3        146            80                                         
                                                                                
        160 Louise               Doran                                          
LDORAN                    011.44.1345.629268   15-DEC-05 SA_REP           7500  
            .3        146            80                                         
                                                                                

EMPLOYEE_ID FIRST_NAME           LAST_NAME                                      
----------- -------------------- -------------------------                      
EMAIL                     PHONE_NUMBER         HIRE_DATE JOB_ID         SALARY  
------------------------- -------------------- --------- ---------- ----------  
COMMISSION_PCT MANAGER_ID DEPARTMENT_ID                                         
-------------- ---------- -------------                                         
        161 Sarath               Sewall                                         
SSEWALL                   011.44.1345.529268   03-NOV-06 SA_REP           7000  
           .25        146            80                                         
                                                                                
        162 Clara                Vishney                                        
CVISHNEY                  011.44.1346.129268   11-NOV-05 SA_REP          10500  
           .25        147            80                                         

EMPLOYEE_ID FIRST_NAME           LAST_NAME                                      
----------- -------------------- -------------------------                      
EMAIL                     PHONE_NUMBER         HIRE_DATE JOB_ID         SALARY  
------------------------- -------------------- --------- ---------- ----------  
COMMISSION_PCT MANAGER_ID DEPARTMENT_ID                                         
-------------- ---------- -------------                                         
                                                                                
        163 Danielle             Greene                                         
DGREENE                   011.44.1346.229268   19-MAR-07 SA_REP           9500  
           .15        147            80                                         
                                                                                
        164 Mattea               Marvins                                        
MMARVINS                  011.44.1346.329268   24-JAN-08 SA_REP           7200  

EMPLOYEE_ID FIRST_NAME           LAST_NAME                                      
----------- -------------------- -------------------------                      
EMAIL                     PHONE_NUMBER         HIRE_DATE JOB_ID         SALARY  
------------------------- -------------------- --------- ---------- ----------  
COMMISSION_PCT MANAGER_ID DEPARTMENT_ID                                         
-------------- ---------- -------------                                         
            .1        147            80                                         
                                                                                
        165 David                Lee                                            
DLEE                      011.44.1346.529268   23-FEB-08 SA_REP           6800  
            .1        147            80                                         
                                                                                
        166 Sundar               Ande                                           

EMPLOYEE_ID FIRST_NAME           LAST_NAME                                      
----------- -------------------- -------------------------                      
EMAIL                     PHONE_NUMBER         HIRE_DATE JOB_ID         SALARY  
------------------------- -------------------- --------- ---------- ----------  
COMMISSION_PCT MANAGER_ID DEPARTMENT_ID                                         
-------------- ---------- -------------                                         
SANDE                     011.44.1346.629268   24-MAR-08 SA_REP           6400  
            .1        147            80                                         
                                                                                
        167 Amit                 Banda                                          
ABANDA                    011.44.1346.729268   21-APR-08 SA_REP           6200  
            .1        147            80                                         
                                                                                

EMPLOYEE_ID FIRST_NAME           LAST_NAME                                      
----------- -------------------- -------------------------                      
EMAIL                     PHONE_NUMBER         HIRE_DATE JOB_ID         SALARY  
------------------------- -------------------- --------- ---------- ----------  
COMMISSION_PCT MANAGER_ID DEPARTMENT_ID                                         
-------------- ---------- -------------                                         
        168 Lisa                 Ozer                                           
LOZER                     011.44.1343.929268   11-MAR-05 SA_REP          11500  
           .25        148            80                                         
                                                                                
        169 Harrison             Bloom                                          
HBLOOM                    011.44.1343.829268   23-MAR-06 SA_REP          10000  
            .2        148            80                                         

EMPLOYEE_ID FIRST_NAME           LAST_NAME                                      
----------- -------------------- -------------------------                      
EMAIL                     PHONE_NUMBER         HIRE_DATE JOB_ID         SALARY  
------------------------- -------------------- --------- ---------- ----------  
COMMISSION_PCT MANAGER_ID DEPARTMENT_ID                                         
-------------- ---------- -------------                                         
                                                                                
        170 Tayler               Fox                                            
TFOX                      011.44.1343.729268   24-JAN-06 SA_REP           9600  
            .2        148            80                                         
                                                                                
        171 William              Smith                                          
WSMITH                    011.44.1343.629268   23-FEB-07 SA_REP           7400  

EMPLOYEE_ID FIRST_NAME           LAST_NAME                                      
----------- -------------------- -------------------------                      
EMAIL                     PHONE_NUMBER         HIRE_DATE JOB_ID         SALARY  
------------------------- -------------------- --------- ---------- ----------  
COMMISSION_PCT MANAGER_ID DEPARTMENT_ID                                         
-------------- ---------- -------------                                         
           .15        148            80                                         
                                                                                
        172 Elizabeth            Bates                                          
EBATES                    011.44.1343.529268   24-MAR-07 SA_REP           7300  
           .15        148            80                                         
                                                                                
        173 Sundita              Kumar                                          

EMPLOYEE_ID FIRST_NAME           LAST_NAME                                      
----------- -------------------- -------------------------                      
EMAIL                     PHONE_NUMBER         HIRE_DATE JOB_ID         SALARY  
------------------------- -------------------- --------- ---------- ----------  
COMMISSION_PCT MANAGER_ID DEPARTMENT_ID                                         
-------------- ---------- -------------                                         
SKUMAR                    011.44.1343.329268   21-APR-08 SA_REP           6100  
            .1        148            80                                         
                                                                                
        174 Ellen                Abel                                           
EABEL                     011.44.1644.429267   11-MAY-04 SA_REP          11000  
            .3        149            80                                         
                                                                                

EMPLOYEE_ID FIRST_NAME           LAST_NAME                                      
----------- -------------------- -------------------------                      
EMAIL                     PHONE_NUMBER         HIRE_DATE JOB_ID         SALARY  
------------------------- -------------------- --------- ---------- ----------  
COMMISSION_PCT MANAGER_ID DEPARTMENT_ID                                         
-------------- ---------- -------------                                         
        175 Alyssa               Hutton                                         
AHUTTON                   011.44.1644.429266   19-MAR-05 SA_REP           8800  
           .25        149            80                                         
                                                                                
        176 Jonathon             Taylor                                         
JTAYLOR                   011.44.1644.429265   24-MAR-06 SA_REP           8600  
            .2        149            80                                         

EMPLOYEE_ID FIRST_NAME           LAST_NAME                                      
----------- -------------------- -------------------------                      
EMAIL                     PHONE_NUMBER         HIRE_DATE JOB_ID         SALARY  
------------------------- -------------------- --------- ---------- ----------  
COMMISSION_PCT MANAGER_ID DEPARTMENT_ID                                         
-------------- ---------- -------------                                         
                                                                                
        177 Jack                 Livingston                                     
JLIVINGS                  011.44.1644.429264   23-APR-06 SA_REP           8400  
            .2        149            80                                         
                                                                                
        178 Kimberely            Grant                                          
KGRANT                    011.44.1644.429263   24-MAY-07 SA_REP           7000  

EMPLOYEE_ID FIRST_NAME           LAST_NAME                                      
----------- -------------------- -------------------------                      
EMAIL                     PHONE_NUMBER         HIRE_DATE JOB_ID         SALARY  
------------------------- -------------------- --------- ---------- ----------  
COMMISSION_PCT MANAGER_ID DEPARTMENT_ID                                         
-------------- ---------- -------------                                         
           .15        149                                                       
                                                                                
        179 Charles              Johnson                                        
CJOHNSON                  011.44.1644.429262   04-JAN-08 SA_REP           6200  
            .1        149            80                                         
                                                                                
        180 Winston              Taylor                                         

EMPLOYEE_ID FIRST_NAME           LAST_NAME                                      
----------- -------------------- -------------------------                      
EMAIL                     PHONE_NUMBER         HIRE_DATE JOB_ID         SALARY  
------------------------- -------------------- --------- ---------- ----------  
COMMISSION_PCT MANAGER_ID DEPARTMENT_ID                                         
-------------- ---------- -------------                                         
WTAYLOR                   650.507.9876         24-JAN-06 SH_CLERK         3200  
                      120            50                                         
                                                                                
        181 Jean                 Fleaur                                         
JFLEAUR                   650.507.9877         23-FEB-06 SH_CLERK         3100  
                      120            50                                         
                                                                                

EMPLOYEE_ID FIRST_NAME           LAST_NAME                                      
----------- -------------------- -------------------------                      
EMAIL                     PHONE_NUMBER         HIRE_DATE JOB_ID         SALARY  
------------------------- -------------------- --------- ---------- ----------  
COMMISSION_PCT MANAGER_ID DEPARTMENT_ID                                         
-------------- ---------- -------------                                         
        182 Martha               Sullivan                                       
MSULLIVA                  650.507.9878         21-JUN-07 SH_CLERK         2500  
                      120            50                                         
                                                                                
        183 Girard               Geoni                                          
GGEONI                    650.507.9879         03-FEB-08 SH_CLERK         2800  
                      120            50                                         

EMPLOYEE_ID FIRST_NAME           LAST_NAME                                      
----------- -------------------- -------------------------                      
EMAIL                     PHONE_NUMBER         HIRE_DATE JOB_ID         SALARY  
------------------------- -------------------- --------- ---------- ----------  
COMMISSION_PCT MANAGER_ID DEPARTMENT_ID                                         
-------------- ---------- -------------                                         
                                                                                
        184 Nandita              Sarchand                                       
NSARCHAN                  650.509.1876         27-JAN-04 SH_CLERK         4200  
                      121            50                                         
                                                                                
        185 Alexis               Bull                                           
ABULL                     650.509.2876         20-FEB-05 SH_CLERK         4100  

EMPLOYEE_ID FIRST_NAME           LAST_NAME                                      
----------- -------------------- -------------------------                      
EMAIL                     PHONE_NUMBER         HIRE_DATE JOB_ID         SALARY  
------------------------- -------------------- --------- ---------- ----------  
COMMISSION_PCT MANAGER_ID DEPARTMENT_ID                                         
-------------- ---------- -------------                                         
                      121            50                                         
                                                                                
        186 Julia                Dellinger                                      
JDELLING                  650.509.3876         24-JUN-06 SH_CLERK         3400  
                      121            50                                         
                                                                                
        187 Anthony              Cabrio                                         

EMPLOYEE_ID FIRST_NAME           LAST_NAME                                      
----------- -------------------- -------------------------                      
EMAIL                     PHONE_NUMBER         HIRE_DATE JOB_ID         SALARY  
------------------------- -------------------- --------- ---------- ----------  
COMMISSION_PCT MANAGER_ID DEPARTMENT_ID                                         
-------------- ---------- -------------                                         
ACABRIO                   650.509.4876         07-FEB-07 SH_CLERK         3000  
                      121            50                                         
                                                                                
        188 Kelly                Chung                                          
KCHUNG                    650.505.1876         14-JUN-05 SH_CLERK         3800  
                      122            50                                         
                                                                                

EMPLOYEE_ID FIRST_NAME           LAST_NAME                                      
----------- -------------------- -------------------------                      
EMAIL                     PHONE_NUMBER         HIRE_DATE JOB_ID         SALARY  
------------------------- -------------------- --------- ---------- ----------  
COMMISSION_PCT MANAGER_ID DEPARTMENT_ID                                         
-------------- ---------- -------------                                         
        189 Jennifer             Dilly                                          
JDILLY                    650.505.2876         13-AUG-05 SH_CLERK         3600  
                      122            50                                         
                                                                                
        190 Timothy              Gates                                          
TGATES                    650.505.3876         11-JUL-06 SH_CLERK         2900  
                      122            50                                         

EMPLOYEE_ID FIRST_NAME           LAST_NAME                                      
----------- -------------------- -------------------------                      
EMAIL                     PHONE_NUMBER         HIRE_DATE JOB_ID         SALARY  
------------------------- -------------------- --------- ---------- ----------  
COMMISSION_PCT MANAGER_ID DEPARTMENT_ID                                         
-------------- ---------- -------------                                         
                                                                                
        191 Randall              Perkins                                        
RPERKINS                  650.505.4876         19-DEC-07 SH_CLERK         2500  
                      122            50                                         
                                                                                
        192 Sarah                Bell                                           
SBELL                     650.501.1876         04-FEB-04 SH_CLERK         4000  

EMPLOYEE_ID FIRST_NAME           LAST_NAME                                      
----------- -------------------- -------------------------                      
EMAIL                     PHONE_NUMBER         HIRE_DATE JOB_ID         SALARY  
------------------------- -------------------- --------- ---------- ----------  
COMMISSION_PCT MANAGER_ID DEPARTMENT_ID                                         
-------------- ---------- -------------                                         
                      123            50                                         
                                                                                
        193 Britney              Everett                                        
BEVERETT                  650.501.2876         03-MAR-05 SH_CLERK         3900  
                      123            50                                         
                                                                                
        194 Samuel               McCain                                         

EMPLOYEE_ID FIRST_NAME           LAST_NAME                                      
----------- -------------------- -------------------------                      
EMAIL                     PHONE_NUMBER         HIRE_DATE JOB_ID         SALARY  
------------------------- -------------------- --------- ---------- ----------  
COMMISSION_PCT MANAGER_ID DEPARTMENT_ID                                         
-------------- ---------- -------------                                         
SMCCAIN                   650.501.3876         01-JUL-06 SH_CLERK         3200  
                      123            50                                         
                                                                                
        195 Vance                Jones                                          
VJONES                    650.501.4876         17-MAR-07 SH_CLERK         2800  
                      123            50                                         
                                                                                

EMPLOYEE_ID FIRST_NAME           LAST_NAME                                      
----------- -------------------- -------------------------                      
EMAIL                     PHONE_NUMBER         HIRE_DATE JOB_ID         SALARY  
------------------------- -------------------- --------- ---------- ----------  
COMMISSION_PCT MANAGER_ID DEPARTMENT_ID                                         
-------------- ---------- -------------                                         
        196 Alana                Walsh                                          
AWALSH                    650.507.9811         24-APR-06 SH_CLERK         3100  
                      124            50                                         
                                                                                
        197 Kevin                Feeney                                         
KFEENEY                   650.507.9822         23-MAY-06 SH_CLERK         3000  
                      124            50                                         

EMPLOYEE_ID FIRST_NAME           LAST_NAME                                      
----------- -------------------- -------------------------                      
EMAIL                     PHONE_NUMBER         HIRE_DATE JOB_ID         SALARY  
------------------------- -------------------- --------- ---------- ----------  
COMMISSION_PCT MANAGER_ID DEPARTMENT_ID                                         
-------------- ---------- -------------                                         
                                                                                

107 rows selected.

SQL> set lines 180
SQL> set lines 80
SQL> ;
  1* select *  from employees
SQL> desc employees;
 Name                                      Null?    Type
 ----------------------------------------- -------- ----------------------------
 EMPLOYEE_ID                               NOT NULL NUMBER(6)
 FIRST_NAME                                         VARCHAR2(20)
 LAST_NAME                                 NOT NULL VARCHAR2(25)
 EMAIL                                     NOT NULL VARCHAR2(25)
 PHONE_NUMBER                                       VARCHAR2(20)
 HIRE_DATE                                 NOT NULL DATE
 JOB_ID                                    NOT NULL VARCHAR2(10)
 SALARY                                             NUMBER(8,2)
 COMMISSION_PCT                                     NUMBER(2,2)
 MANAGER_ID                                         NUMBER(6)
 DEPARTMENT_ID                                      NUMBER(4)

SQL> select first_name,last_name,salary from employees;

FIRST_NAME           LAST_NAME                     SALARY                       
-------------------- ------------------------- ----------                       
Donald               OConnell                        2600                       
Douglas              Grant                           2600                       
Jennifer             Whalen                          4400                       
Michael              Hartstein                      13000                       
Pat                  Fay                             6000                       
Susan                Mavris                          6500                       
Hermann              Baer                           10000                       
Shelley              Higgins                        12008                       
William              Gietz                           8300                       
Steven               King                           24000                       
Neena                Kochhar                        17000                       

FIRST_NAME           LAST_NAME                     SALARY                       
-------------------- ------------------------- ----------                       
Lex                  De Haan                        17000                       
Alexander            Hunold                          9000                       
Bruce                Ernst                           6000                       
David                Austin                          4800                       
Valli                Pataballa                       4800                       
Diana                Lorentz                         4200                       
Nancy                Greenberg                      12008                       
Daniel               Faviet                          9000                       
John                 Chen                            8200                       
Ismael               Sciarra                         7700                       
Jose Manuel          Urman                           7800                       

FIRST_NAME           LAST_NAME                     SALARY                       
-------------------- ------------------------- ----------                       
Luis                 Popp                            6900                       
Den                  Raphaely                       11000                       
Alexander            Khoo                            3100                       
Shelli               Baida                           2900                       
Sigal                Tobias                          2800                       
Guy                  Himuro                          2600                       
Karen                Colmenares                      2500                       
Matthew              Weiss                           8000                       
Adam                 Fripp                           8200                       
Payam                Kaufling                        7900                       
Shanta               Vollman                         6500                       

FIRST_NAME           LAST_NAME                     SALARY                       
-------------------- ------------------------- ----------                       
Kevin                Mourgos                         5800                       
Julia                Nayer                           3200                       
Irene                Mikkilineni                     2700                       
James                Landry                          2400                       
Steven               Markle                          2200                       
Laura                Bissot                          3300                       
Mozhe                Atkinson                        2800                       
James                Marlow                          2500                       
TJ                   Olson                           2100                       
Jason                Mallin                          3300                       
Michael              Rogers                          2900                       

FIRST_NAME           LAST_NAME                     SALARY                       
-------------------- ------------------------- ----------                       
Ki                   Gee                             2400                       
Hazel                Philtanker                      2200                       
Renske               Ladwig                          3600                       
Stephen              Stiles                          3200                       
John                 Seo                             2700                       
Joshua               Patel                           2500                       
Trenna               Rajs                            3500                       
Curtis               Davies                          3100                       
Randall              Matos                           2600                       
Peter                Vargas                          2500                       
John                 Russell                        14000                       

FIRST_NAME           LAST_NAME                     SALARY                       
-------------------- ------------------------- ----------                       
Karen                Partners                       13500                       
Alberto              Errazuriz                      12000                       
Gerald               Cambrault                      11000                       
Eleni                Zlotkey                        10500                       
Peter                Tucker                         10000                       
David                Bernstein                       9500                       
Peter                Hall                            9000                       
Christopher          Olsen                           8000                       
Nanette              Cambrault                       7500                       
Oliver               Tuvault                         7000                       
Janette              King                           10000                       

FIRST_NAME           LAST_NAME                     SALARY                       
-------------------- ------------------------- ----------                       
Patrick              Sully                           9500                       
Allan                McEwen                          9000                       
Lindsey              Smith                           8000                       
Louise               Doran                           7500                       
Sarath               Sewall                          7000                       
Clara                Vishney                        10500                       
Danielle             Greene                          9500                       
Mattea               Marvins                         7200                       
David                Lee                             6800                       
Sundar               Ande                            6400                       
Amit                 Banda                           6200                       

FIRST_NAME           LAST_NAME                     SALARY                       
-------------------- ------------------------- ----------                       
Lisa                 Ozer                           11500                       
Harrison             Bloom                          10000                       
Tayler               Fox                             9600                       
William              Smith                           7400                       
Elizabeth            Bates                           7300                       
Sundita              Kumar                           6100                       
Ellen                Abel                           11000                       
Alyssa               Hutton                          8800                       
Jonathon             Taylor                          8600                       
Jack                 Livingston                      8400                       
Kimberely            Grant                           7000                       

FIRST_NAME           LAST_NAME                     SALARY                       
-------------------- ------------------------- ----------                       
Charles              Johnson                         6200                       
Winston              Taylor                          3200                       
Jean                 Fleaur                          3100                       
Martha               Sullivan                        2500                       
Girard               Geoni                           2800                       
Nandita              Sarchand                        4200                       
Alexis               Bull                            4100                       
Julia                Dellinger                       3400                       
Anthony              Cabrio                          3000                       
Kelly                Chung                           3800                       
Jennifer             Dilly                           3600                       

FIRST_NAME           LAST_NAME                     SALARY                       
-------------------- ------------------------- ----------                       
Timothy              Gates                           2900                       
Randall              Perkins                         2500                       
Sarah                Bell                            4000                       
Britney              Everett                         3900                       
Samuel               McCain                          3200                       
Vance                Jones                           2800                       
Alana                Walsh                           3100                       
Kevin                Feeney                          3000                       

107 rows selected.

SQL> select last_name from emplyees;
select last_name from emplyees
                      *
ERROR at line 1:
ORA-00942: table or view does not exist 


SQL> select last_name from employees;

LAST_NAME                                                                       
-------------------------                                                       
Abel                                                                            
Ande                                                                            
Atkinson                                                                        
Austin                                                                          
Baer                                                                            
Baida                                                                           
Banda                                                                           
Bates                                                                           
Bell                                                                            
Bernstein                                                                       
Bissot                                                                          

LAST_NAME                                                                       
-------------------------                                                       
Bloom                                                                           
Bull                                                                            
Cabrio                                                                          
Cambrault                                                                       
Cambrault                                                                       
Chen                                                                            
Chung                                                                           
Colmenares                                                                      
Davies                                                                          
De Haan                                                                         
Dellinger                                                                       

LAST_NAME                                                                       
-------------------------                                                       
Dilly                                                                           
Doran                                                                           
Ernst                                                                           
Errazuriz                                                                       
Everett                                                                         
Faviet                                                                          
Fay                                                                             
Feeney                                                                          
Fleaur                                                                          
Fox                                                                             
Fripp                                                                           

LAST_NAME                                                                       
-------------------------                                                       
Gates                                                                           
Gee                                                                             
Geoni                                                                           
Gietz                                                                           
Grant                                                                           
Grant                                                                           
Greenberg                                                                       
Greene                                                                          
Hall                                                                            
Hartstein                                                                       
Higgins                                                                         

LAST_NAME                                                                       
-------------------------                                                       
Himuro                                                                          
Hunold                                                                          
Hutton                                                                          
Johnson                                                                         
Jones                                                                           
Kaufling                                                                        
Khoo                                                                            
King                                                                            
King                                                                            
Kochhar                                                                         
Kumar                                                                           

LAST_NAME                                                                       
-------------------------                                                       
Ladwig                                                                          
Landry                                                                          
Lee                                                                             
Livingston                                                                      
Lorentz                                                                         
Mallin                                                                          
Markle                                                                          
Marlow                                                                          
Marvins                                                                         
Matos                                                                           
Mavris                                                                          

LAST_NAME                                                                       
-------------------------                                                       
McCain                                                                          
McEwen                                                                          
Mikkilineni                                                                     
Mourgos                                                                         
Nayer                                                                           
OConnell                                                                        
Olsen                                                                           
Olson                                                                           
Ozer                                                                            
Partners                                                                        
Pataballa                                                                       

LAST_NAME                                                                       
-------------------------                                                       
Patel                                                                           
Perkins                                                                         
Philtanker                                                                      
Popp                                                                            
Rajs                                                                            
Raphaely                                                                        
Rogers                                                                          
Russell                                                                         
Sarchand                                                                        
Sciarra                                                                         
Seo                                                                             

LAST_NAME                                                                       
-------------------------                                                       
Sewall                                                                          
Smith                                                                           
Smith                                                                           
Stiles                                                                          
Sullivan                                                                        
Sully                                                                           
Taylor                                                                          
Taylor                                                                          
Tobias                                                                          
Tucker                                                                          
Tuvault                                                                         

LAST_NAME                                                                       
-------------------------                                                       
Urman                                                                           
Vargas                                                                          
Vishney                                                                         
Vollman                                                                         
Walsh                                                                           
Weiss                                                                           
Whalen                                                                          
Zlotkey                                                                         

107 rows selected.

SQL> desc last_name from employees;
Usage: DESCRIBE [schema.]object[@db_link]
SQL> select first_name,last_name,salary from employees where first_name='den';

no rows selected

SQL> select first_name,last_name,salary from employees where first_name='Den';

FIRST_NAME           LAST_NAME                     SALARY                       
-------------------- ------------------------- ----------                       
Den                  Raphaely                       11000                       

SQL> select first_name,last_name,salary from employees where first_name='Harsh';

no rows selected

SQL> select first_name,last_name,salary from employees where first_name='John';

FIRST_NAME           LAST_NAME                     SALARY                       
-------------------- ------------------------- ----------                       
John                 Chen                            8200                       
John                 Seo                             2700                       
John                 Russell                        14000                       

SQL> select first_name,last_name,salary from employees where first_name='John' & salary>10000;
Enter value for salary: 10000
old   1: select first_name,last_name,salary from employees where first_name='John' & salary>10000
new   1: select first_name,last_name,salary from employees where first_name='John' 10000>10000
select first_name,last_name,salary from employees where first_name='John' 10000>10000
                                                                          *
ERROR at line 1:
ORA-00933: SQL command not properly ended 


SQL> select first_name,last_name,salary from employees where first_name='John' and salary>10000;

FIRST_NAME           LAST_NAME                     SALARY                       
-------------------- ------------------------- ----------                       
John                 Russell                        14000                       

SQL> select first_name fn,last_name as ln,salary from employees where first_name='John' and salary>10000;

FN                   LN                            SALARY                       
-------------------- ------------------------- ----------                       
John                 Russell                        14000                       

SQL> rem as or space can be used;
SQL> select fiRst_name from employees;

FIRST_NAME                                                                      
--------------------                                                            
Ellen                                                                           
Sundar                                                                          
Mozhe                                                                           
David                                                                           
Hermann                                                                         
Shelli                                                                          
Amit                                                                            
Elizabeth                                                                       
Sarah                                                                           
David                                                                           
Laura                                                                           

FIRST_NAME                                                                      
--------------------                                                            
Harrison                                                                        
Alexis                                                                          
Anthony                                                                         
Gerald                                                                          
Nanette                                                                         
John                                                                            
Kelly                                                                           
Karen                                                                           
Curtis                                                                          
Lex                                                                             
Julia                                                                           

FIRST_NAME                                                                      
--------------------                                                            
Jennifer                                                                        
Louise                                                                          
Bruce                                                                           
Alberto                                                                         
Britney                                                                         
Daniel                                                                          
Pat                                                                             
Kevin                                                                           
Jean                                                                            
Tayler                                                                          
Adam                                                                            

FIRST_NAME                                                                      
--------------------                                                            
Timothy                                                                         
Ki                                                                              
Girard                                                                          
William                                                                         
Douglas                                                                         
Kimberely                                                                       
Nancy                                                                           
Danielle                                                                        
Peter                                                                           
Michael                                                                         
Shelley                                                                         

FIRST_NAME                                                                      
--------------------                                                            
Guy                                                                             
Alexander                                                                       
Alyssa                                                                          
Charles                                                                         
Vance                                                                           
Payam                                                                           
Alexander                                                                       
Janette                                                                         
Steven                                                                          
Neena                                                                           
Sundita                                                                         

FIRST_NAME                                                                      
--------------------                                                            
Renske                                                                          
James                                                                           
David                                                                           
Jack                                                                            
Diana                                                                           
Jason                                                                           
Steven                                                                          
James                                                                           
Mattea                                                                          
Randall                                                                         
Susan                                                                           

FIRST_NAME                                                                      
--------------------                                                            
Samuel                                                                          
Allan                                                                           
Irene                                                                           
Kevin                                                                           
Julia                                                                           
Donald                                                                          
Christopher                                                                     
TJ                                                                              
Lisa                                                                            
Karen                                                                           
Valli                                                                           

FIRST_NAME                                                                      
--------------------                                                            
Joshua                                                                          
Randall                                                                         
Hazel                                                                           
Luis                                                                            
Trenna                                                                          
Den                                                                             
Michael                                                                         
John                                                                            
Nandita                                                                         
Ismael                                                                          
John                                                                            

FIRST_NAME                                                                      
--------------------                                                            
Sarath                                                                          
Lindsey                                                                         
William                                                                         
Stephen                                                                         
Martha                                                                          
Patrick                                                                         
Jonathon                                                                        
Winston                                                                         
Sigal                                                                           
Peter                                                                           
Oliver                                                                          

FIRST_NAME                                                                      
--------------------                                                            
Jose Manuel                                                                     
Peter                                                                           
Clara                                                                           
Shanta                                                                          
Alana                                                                           
Matthew                                                                         
Jennifer                                                                        
Eleni                                                                           

107 rows selected.

SQL> select fiRst_name harsh  from employees;

HARSH                                                                           
--------------------                                                            
Ellen                                                                           
Sundar                                                                          
Mozhe                                                                           
David                                                                           
Hermann                                                                         
Shelli                                                                          
Amit                                                                            
Elizabeth                                                                       
Sarah                                                                           
David                                                                           
Laura                                                                           

HARSH                                                                           
--------------------                                                            
Harrison                                                                        
Alexis                                                                          
Anthony                                                                         
Gerald                                                                          
Nanette                                                                         
John                                                                            
Kelly                                                                           
Karen                                                                           
Curtis                                                                          
Lex                                                                             
Julia                                                                           

HARSH                                                                           
--------------------                                                            
Jennifer                                                                        
Louise                                                                          
Bruce                                                                           
Alberto                                                                         
Britney                                                                         
Daniel                                                                          
Pat                                                                             
Kevin                                                                           
Jean                                                                            
Tayler                                                                          
Adam                                                                            

HARSH                                                                           
--------------------                                                            
Timothy                                                                         
Ki                                                                              
Girard                                                                          
William                                                                         
Douglas                                                                         
Kimberely                                                                       
Nancy                                                                           
Danielle                                                                        
Peter                                                                           
Michael                                                                         
Shelley                                                                         

HARSH                                                                           
--------------------                                                            
Guy                                                                             
Alexander                                                                       
Alyssa                                                                          
Charles                                                                         
Vance                                                                           
Payam                                                                           
Alexander                                                                       
Janette                                                                         
Steven                                                                          
Neena                                                                           
Sundita                                                                         

HARSH                                                                           
--------------------                                                            
Renske                                                                          
James                                                                           
David                                                                           
Jack                                                                            
Diana                                                                           
Jason                                                                           
Steven                                                                          
James                                                                           
Mattea                                                                          
Randall                                                                         
Susan                                                                           

HARSH                                                                           
--------------------                                                            
Samuel                                                                          
Allan                                                                           
Irene                                                                           
Kevin                                                                           
Julia                                                                           
Donald                                                                          
Christopher                                                                     
TJ                                                                              
Lisa                                                                            
Karen                                                                           
Valli                                                                           

HARSH                                                                           
--------------------                                                            
Joshua                                                                          
Randall                                                                         
Hazel                                                                           
Luis                                                                            
Trenna                                                                          
Den                                                                             
Michael                                                                         
John                                                                            
Nandita                                                                         
Ismael                                                                          
John                                                                            

HARSH                                                                           
--------------------                                                            
Sarath                                                                          
Lindsey                                                                         
William                                                                         
Stephen                                                                         
Martha                                                                          
Patrick                                                                         
Jonathon                                                                        
Winston                                                                         
Sigal                                                                           
Peter                                                                           
Oliver                                                                          

HARSH                                                                           
--------------------                                                            
Jose Manuel                                                                     
Peter                                                                           
Clara                                                                           
Shanta                                                                          
Alana                                                                           
Matthew                                                                         
Jennifer                                                                        
Eleni                                                                           

107 rows selected.

SQL> select fiRst_name    from employees;

FIRST_NAME                                                                      
--------------------                                                            
Ellen                                                                           
Sundar                                                                          
Mozhe                                                                           
David                                                                           
Hermann                                                                         
Shelli                                                                          
Amit                                                                            
Elizabeth                                                                       
Sarah                                                                           
David                                                                           
Laura                                                                           

FIRST_NAME                                                                      
--------------------                                                            
Harrison                                                                        
Alexis                                                                          
Anthony                                                                         
Gerald                                                                          
Nanette                                                                         
John                                                                            
Kelly                                                                           
Karen                                                                           
Curtis                                                                          
Lex                                                                             
Julia                                                                           

FIRST_NAME                                                                      
--------------------                                                            
Jennifer                                                                        
Louise                                                                          
Bruce                                                                           
Alberto                                                                         
Britney                                                                         
Daniel                                                                          
Pat                                                                             
Kevin                                                                           
Jean                                                                            
Tayler                                                                          
Adam                                                                            

FIRST_NAME                                                                      
--------------------                                                            
Timothy                                                                         
Ki                                                                              
Girard                                                                          
William                                                                         
Douglas                                                                         
Kimberely                                                                       
Nancy                                                                           
Danielle                                                                        
Peter                                                                           
Michael                                                                         
Shelley                                                                         

FIRST_NAME                                                                      
--------------------                                                            
Guy                                                                             
Alexander                                                                       
Alyssa                                                                          
Charles                                                                         
Vance                                                                           
Payam                                                                           
Alexander                                                                       
Janette                                                                         
Steven                                                                          
Neena                                                                           
Sundita                                                                         

FIRST_NAME                                                                      
--------------------                                                            
Renske                                                                          
James                                                                           
David                                                                           
Jack                                                                            
Diana                                                                           
Jason                                                                           
Steven                                                                          
James                                                                           
Mattea                                                                          
Randall                                                                         
Susan                                                                           

FIRST_NAME                                                                      
--------------------                                                            
Samuel                                                                          
Allan                                                                           
Irene                                                                           
Kevin                                                                           
Julia                                                                           
Donald                                                                          
Christopher                                                                     
TJ                                                                              
Lisa                                                                            
Karen                                                                           
Valli                                                                           

FIRST_NAME                                                                      
--------------------                                                            
Joshua                                                                          
Randall                                                                         
Hazel                                                                           
Luis                                                                            
Trenna                                                                          
Den                                                                             
Michael                                                                         
John                                                                            
Nandita                                                                         
Ismael                                                                          
John                                                                            

FIRST_NAME                                                                      
--------------------                                                            
Sarath                                                                          
Lindsey                                                                         
William                                                                         
Stephen                                                                         
Martha                                                                          
Patrick                                                                         
Jonathon                                                                        
Winston                                                                         
Sigal                                                                           
Peter                                                                           
Oliver                                                                          

FIRST_NAME                                                                      
--------------------                                                            
Jose Manuel                                                                     
Peter                                                                           
Clara                                                                           
Shanta                                                                          
Alana                                                                           
Matthew                                                                         
Jennifer                                                                        
Eleni                                                                           

107 rows selected.

SQL> select fiRst_name "fn" from employees;

fn                                                                              
--------------------                                                            
Ellen                                                                           
Sundar                                                                          
Mozhe                                                                           
David                                                                           
Hermann                                                                         
Shelli                                                                          
Amit                                                                            
Elizabeth                                                                       
Sarah                                                                           
David                                                                           
Laura                                                                           

fn                                                                              
--------------------                                                            
Harrison                                                                        
Alexis                                                                          
Anthony                                                                         
Gerald                                                                          
Nanette                                                                         
John                                                                            
Kelly                                                                           
Karen                                                                           
Curtis                                                                          
Lex                                                                             
Julia                                                                           

fn                                                                              
--------------------                                                            
Jennifer                                                                        
Louise                                                                          
Bruce                                                                           
Alberto                                                                         
Britney                                                                         
Daniel                                                                          
Pat                                                                             
Kevin                                                                           
Jean                                                                            
Tayler                                                                          
Adam                                                                            

fn                                                                              
--------------------                                                            
Timothy                                                                         
Ki                                                                              
Girard                                                                          
William                                                                         
Douglas                                                                         
Kimberely                                                                       
Nancy                                                                           
Danielle                                                                        
Peter                                                                           
Michael                                                                         
Shelley                                                                         

fn                                                                              
--------------------                                                            
Guy                                                                             
Alexander                                                                       
Alyssa                                                                          
Charles                                                                         
Vance                                                                           
Payam                                                                           
Alexander                                                                       
Janette                                                                         
Steven                                                                          
Neena                                                                           
Sundita                                                                         

fn                                                                              
--------------------                                                            
Renske                                                                          
James                                                                           
David                                                                           
Jack                                                                            
Diana                                                                           
Jason                                                                           
Steven                                                                          
James                                                                           
Mattea                                                                          
Randall                                                                         
Susan                                                                           

fn                                                                              
--------------------                                                            
Samuel                                                                          
Allan                                                                           
Irene                                                                           
Kevin                                                                           
Julia                                                                           
Donald                                                                          
Christopher                                                                     
TJ                                                                              
Lisa                                                                            
Karen                                                                           
Valli                                                                           

fn                                                                              
--------------------                                                            
Joshua                                                                          
Randall                                                                         
Hazel                                                                           
Luis                                                                            
Trenna                                                                          
Den                                                                             
Michael                                                                         
John                                                                            
Nandita                                                                         
Ismael                                                                          
John                                                                            

fn                                                                              
--------------------                                                            
Sarath                                                                          
Lindsey                                                                         
William                                                                         
Stephen                                                                         
Martha                                                                          
Patrick                                                                         
Jonathon                                                                        
Winston                                                                         
Sigal                                                                           
Peter                                                                           
Oliver                                                                          

fn                                                                              
--------------------                                                            
Jose Manuel                                                                     
Peter                                                                           
Clara                                                                           
Shanta                                                                          
Alana                                                                           
Matthew                                                                         
Jennifer                                                                        
Eleni                                                                           

107 rows selected.

SQL> select fiRst_name "fn" from employees where fn='Den';
select fiRst_name "fn" from employees where fn='Den'
                                            *
ERROR at line 1:
ORA-00904: "FN": invalid identifier 


SQL> select fiRst_name "fn" from employees where first_name='Den';

fn                                                                              
--------------------                                                            
Den                                                                             

SQL> select first_name fn,last_name  ln,salary sal from employees where salary>10000 order by fn;

FN                   LN                               SAL                       
-------------------- ------------------------- ----------                       
Alberto              Errazuriz                      12000                       
Clara                Vishney                        10500                       
Den                  Raphaely                       11000                       
Eleni                Zlotkey                        10500                       
Ellen                Abel                           11000                       
Gerald               Cambrault                      11000                       
John                 Russell                        14000                       
Karen                Partners                       13500                       
Lex                  De Haan                        17000                       
Lisa                 Ozer                           11500                       
Michael              Hartstein                      13000                       

FN                   LN                               SAL                       
-------------------- ------------------------- ----------                       
Nancy                Greenberg                      12008                       
Neena                Kochhar                        17000                       
Shelley              Higgins                        12008                       
Steven               King                           24000                       

15 rows selected.

SQL> select first_name fn,last_name  ln,salary sal from employees where salary>10000 order by fn desc;

FN                   LN                               SAL                       
-------------------- ------------------------- ----------                       
Steven               King                           24000                       
Shelley              Higgins                        12008                       
Neena                Kochhar                        17000                       
Nancy                Greenberg                      12008                       
Michael              Hartstein                      13000                       
Lisa                 Ozer                           11500                       
Lex                  De Haan                        17000                       
Karen                Partners                       13500                       
John                 Russell                        14000                       
Gerald               Cambrault                      11000                       
Ellen                Abel                           11000                       

FN                   LN                               SAL                       
-------------------- ------------------------- ----------                       
Eleni                Zlotkey                        10500                       
Den                  Raphaely                       11000                       
Clara                Vishney                        10500                       
Alberto              Errazuriz                      12000                       

15 rows selected.

SQL> select first_name fn,last_name  ln,salary sal from employees where salary>10000 order by last_name desc;

FN                   LN                               SAL                       
-------------------- ------------------------- ----------                       
Eleni                Zlotkey                        10500                       
Clara                Vishney                        10500                       
John                 Russell                        14000                       
Den                  Raphaely                       11000                       
Karen                Partners                       13500                       
Lisa                 Ozer                           11500                       
Neena                Kochhar                        17000                       
Steven               King                           24000                       
Shelley              Higgins                        12008                       
Michael              Hartstein                      13000                       
Nancy                Greenberg                      12008                       

FN                   LN                               SAL                       
-------------------- ------------------------- ----------                       
Alberto              Errazuriz                      12000                       
Lex                  De Haan                        17000                       
Gerald               Cambrault                      11000                       
Ellen                Abel                           11000                       

15 rows selected.

SQL> select first_name fn,last_name  ln,salary sal from employees where salary>10000 order by fn and ln;
select first_name fn,last_name  ln,salary sal from employees where salary>10000 order by fn and ln
                                                                                            *
ERROR at line 1:
ORA-00933: SQL command not properly ended 


SQL> select first_name fn,last_name  ln,salary sal from employees where salary>10000 order by fn,ln;

FN                   LN                               SAL                       
-------------------- ------------------------- ----------                       
Alberto              Errazuriz                      12000                       
Clara                Vishney                        10500                       
Den                  Raphaely                       11000                       
Eleni                Zlotkey                        10500                       
Ellen                Abel                           11000                       
Gerald               Cambrault                      11000                       
John                 Russell                        14000                       
Karen                Partners                       13500                       
Lex                  De Haan                        17000                       
Lisa                 Ozer                           11500                       
Michael              Hartstein                      13000                       

FN                   LN                               SAL                       
-------------------- ------------------------- ----------                       
Nancy                Greenberg                      12008                       
Neena                Kochhar                        17000                       
Shelley              Higgins                        12008                       
Steven               King                           24000                       

15 rows selected.

SQL> select first_name fn,last_name  ln,salary sal from employees where salary>10000 order by fn;

FN                   LN                               SAL                       
-------------------- ------------------------- ----------                       
Alberto              Errazuriz                      12000                       
Clara                Vishney                        10500                       
Den                  Raphaely                       11000                       
Eleni                Zlotkey                        10500                       
Ellen                Abel                           11000                       
Gerald               Cambrault                      11000                       
John                 Russell                        14000                       
Karen                Partners                       13500                       
Lex                  De Haan                        17000                       
Lisa                 Ozer                           11500                       
Michael              Hartstein                      13000                       

FN                   LN                               SAL                       
-------------------- ------------------------- ----------                       
Nancy                Greenberg                      12008                       
Neena                Kochhar                        17000                       
Shelley              Higgins                        12008                       
Steven               King                           24000                       

15 rows selected.

SQL> select first_name fn,last_name  ln,salary sal from employees where salary>10000 order by 1;

FN                   LN                               SAL                       
-------------------- ------------------------- ----------                       
Alberto              Errazuriz                      12000                       
Clara                Vishney                        10500                       
Den                  Raphaely                       11000                       
Eleni                Zlotkey                        10500                       
Ellen                Abel                           11000                       
Gerald               Cambrault                      11000                       
John                 Russell                        14000                       
Karen                Partners                       13500                       
Lex                  De Haan                        17000                       
Lisa                 Ozer                           11500                       
Michael              Hartstein                      13000                       

FN                   LN                               SAL                       
-------------------- ------------------------- ----------                       
Nancy                Greenberg                      12008                       
Neena                Kochhar                        17000                       
Shelley              Higgins                        12008                       
Steven               King                           24000                       

15 rows selected.

SQL> select first_name fn,last_name  ln,salary sal from employees where salary>10000 order by 3;

FN                   LN                               SAL                       
-------------------- ------------------------- ----------                       
Clara                Vishney                        10500                       
Eleni                Zlotkey                        10500                       
Ellen                Abel                           11000                       
Gerald               Cambrault                      11000                       
Den                  Raphaely                       11000                       
Lisa                 Ozer                           11500                       
Alberto              Errazuriz                      12000                       
Nancy                Greenberg                      12008                       
Shelley              Higgins                        12008                       
Michael              Hartstein                      13000                       
Karen                Partners                       13500                       

FN                   LN                               SAL                       
-------------------- ------------------------- ----------                       
John                 Russell                        14000                       
Lex                  De Haan                        17000                       
Neena                Kochhar                        17000                       
Steven               King                           24000                       

15 rows selected.

SQL> rem here we can also oreder by column no;
SQL> select department_name, manager_id from departments;

DEPARTMENT_NAME                MANAGER_ID                                       
------------------------------ ----------                                       
Administration                        200                                       
Marketing                             201                                       
Purchasing                            114                                       
Human Resources                       203                                       
Shipping                              121                                       
IT                                    103                                       
Public Relations                      204                                       
Sales                                 145                                       
Executive                             100                                       
Finance                               108                                       
Accounting                            205                                       

DEPARTMENT_NAME                MANAGER_ID                                       
------------------------------ ----------                                       
Treasury                                                                        
Corporate Tax                                                                   
Control And Credit                                                              
Shareholder Services                                                            
Benefits                                                                        
Manufacturing                                                                   
Construction                                                                    
Contracting                                                                     
Operations                                                                      
IT Support                                                                      
NOC                                                                             

DEPARTMENT_NAME                MANAGER_ID                                       
------------------------------ ----------                                       
IT Helpdesk                                                                     
Government Sales                                                                
Retail Sales                                                                    
Recruiting                                                                      
Payroll                                                                         

27 rows selected.

SQL> rem compiler will scan from right side;
SQL> spool off;
